[INFO] Scanning for projects...
[INFO] 
[INFO] -----------------< org.peopleshores:Capstone_project >------------------
[INFO] Building Museum Artifact Manager 0.0.1-SNAPSHOT
[INFO]   from pom.xml
[INFO] --------------------------------[ jar ]---------------------------------
[INFO] 
[INFO] --- clean:3.5.0:clean (default-clean) @ Capstone_project ---
[INFO] Deleting C:\dev\Capstone_project\target
[INFO] 
[INFO] --- resources:3.5.0:resources (default-resources) @ Capstone_project ---
[INFO] Copying 1 resource from src\main\resources to target\classes
[INFO] Copying 0 resource from src\main\resources to target\classes
[INFO] 
[INFO] --- compiler:3.15.0:compile (default-compile) @ Capstone_project ---
[INFO] Recompiling the module because of changed source code.
[INFO] Compiling 56 source files with javac [debug parameters release 17] to target\classes
[INFO] ------------------------------------------------------------------------
[INFO] BUILD SUCCESS
[INFO] ------------------------------------------------------------------------
[INFO] Total time:  5.851 s
[INFO] Finished at: 2026-10-06T13:31:13-04:00
[INFO] ------------------------------------------------------------------------
